// Jest Snapshot v1, https://goo.gl/fbAQLP

exports[`Copyright should be rendere 1`] = `
<p
  className="MuiTypography-root MuiTypography-body2 MuiTypography-alignCenter css-1vl95ex-MuiTypography-root"
>
  Copyright Â© 
  <a
    className="MuiTypography-root MuiTypography-inherit MuiLink-root MuiLink-underlineAlways css-1kgfegd-MuiTypography-root-MuiLink-root"
    href="https://mui.com/"
    onBlur={[Function]}
    onFocus={[Function]}
  >
    Test Project
  </a>
   
  2022
  .
</p>
`;
