// Jest Snapshot v1, https://goo.gl/fbAQLP

exports[`Copyright should be renderer 1`] = `
<div
  className="preloader"
>
  <div
    className="preloader__row"
  >
    <div
      className="preloader__item"
    />
    <div
      className="preloader__item"
    />
  </div>
</div>
`;
