// Jest Snapshot v1, https://goo.gl/fbAQLP

exports[`PageTable have same snapshot 1`] = `
<div
  className="MuiPaper-root MuiPaper-elevation MuiPaper-rounded MuiPaper-elevation1 MuiTableContainer-root css-11xur9t-MuiPaper-root-MuiTableContainer-root"
>
  <table
    aria-label="simple table"
    className="MuiTable-root css-quj9j6-MuiTable-root"
    role={null}
  >
    <thead
      className="MuiTableHead-root css-15wwp11-MuiTableHead-root"
      role={null}
    >
      <tr
        className="MuiTableRow-root MuiTableRow-head css-1q1u3t4-MuiTableRow-root"
        role={null}
      >
        <th
          aria-sort={null}
          className="MuiTableCell-root MuiTableCell-head MuiTableCell-sizeMedium css-1ygcj2i-MuiTableCell-root"
          scope="col"
        >
          Id
        </th>
        <th
          aria-sort={null}
          className="MuiTableCell-root MuiTableCell-head MuiTableCell-alignRight MuiTableCell-sizeMedium css-1azl6jz-MuiTableCell-root"
          scope="col"
        >
          URL
        </th>
        <th
          aria-sort={null}
          className="MuiTableCell-root MuiTableCell-head MuiTableCell-alignRight MuiTableCell-sizeMedium css-1azl6jz-MuiTableCell-root"
          scope="col"
        >
          Title
        </th>
        <th
          aria-sort={null}
          className="MuiTableCell-root MuiTableCell-head MuiTableCell-alignRight MuiTableCell-sizeMedium css-1azl6jz-MuiTableCell-root"
          scope="col"
        >
          Content
        </th>
        <th
          aria-sort={null}
          className="MuiTableCell-root MuiTableCell-head MuiTableCell-alignRight MuiTableCell-sizeMedium css-1azl6jz-MuiTableCell-root"
          scope="col"
        >
          UserId
        </th>
        <th
          aria-sort={null}
          className="MuiTableCell-root MuiTableCell-head MuiTableCell-alignRight MuiTableCell-sizeMedium css-1azl6jz-MuiTableCell-root"
          scope="col"
        >
          Â 
        </th>
      </tr>
    </thead>
    <tbody
      className="MuiTableBody-root css-apqrd9-MuiTableBody-root"
      role={null}
    >
      <tr
        className="MuiTableRow-root css-34nofg-MuiTableRow-root"
        role={null}
      >
        <th
          aria-sort={null}
          className="MuiTableCell-root MuiTableCell-body MuiTableCell-sizeMedium css-1ex1afd-MuiTableCell-root"
          scope="row"
        >
          <a
            href="/442423423423"
            onClick={[Function]}
          >
            1
          </a>
        </th>
        <td
          aria-sort={null}
          className="MuiTableCell-root MuiTableCell-body MuiTableCell-alignRight MuiTableCell-sizeMedium css-177gid-MuiTableCell-root"
        >
          page2
        </td>
        <td
          aria-sort={null}
          className="MuiTableCell-root MuiTableCell-body MuiTableCell-alignRight MuiTableCell-sizeMedium css-177gid-MuiTableCell-root"
        >
          Page2
        </td>
        <td
          aria-sort={null}
          className="MuiTableCell-root MuiTableCell-body MuiTableCell-alignRight MuiTableCell-sizeMedium css-177gid-MuiTableCell-root"
        >
          Some content...
        </td>
        <td
          aria-sort={null}
          className="MuiTableCell-root MuiTableCell-body MuiTableCell-alignRight MuiTableCell-sizeMedium css-177gid-MuiTableCell-root"
        >
          3
        </td>
        <td
          aria-sort={null}
          className="MuiTableCell-root MuiTableCell-body MuiTableCell-alignCenter MuiTableCell-sizeMedium css-1yhpg23-MuiTableCell-root"
        >
          <svg
            aria-hidden={true}
            className="MuiSvgIcon-root MuiSvgIcon-fontSizeMedium css-1ujkmd3-MuiSvgIcon-root"
            data-testid="DeleteIcon"
            focusable="false"
            onClick={[Function]}
            viewBox="0 0 24 24"
          >
            <path
              d="M6 19c0 1.1.9 2 2 2h8c1.1 0 2-.9 2-2V7H6v12zM19 4h-3.5l-1-1h-5l-1 1H5v2h14V4z"
            />
          </svg>
          <svg
            aria-hidden={true}
            className="MuiSvgIcon-root MuiSvgIcon-fontSizeMedium css-j7m7gu-MuiSvgIcon-root"
            data-testid="EditIcon"
            focusable="false"
            onClick={[Function]}
            viewBox="0 0 24 24"
          >
            <path
              d="M3 17.25V21h3.75L17.81 9.94l-3.75-3.75L3 17.25zM20.71 7.04c.39-.39.39-1.02 0-1.41l-2.34-2.34a.9959.9959 0 0 0-1.41 0l-1.83 1.83 3.75 3.75 1.83-1.83z"
            />
          </svg>
        </td>
      </tr>
      <tr
        className="MuiTableRow-root css-34nofg-MuiTableRow-root"
        role={null}
      >
        <th
          aria-sort={null}
          className="MuiTableCell-root MuiTableCell-body MuiTableCell-sizeMedium css-1ex1afd-MuiTableCell-root"
          scope="row"
        >
          <a
            href="/321312"
            onClick={[Function]}
          >
            2
          </a>
        </th>
        <td
          aria-sort={null}
          className="MuiTableCell-root MuiTableCell-body MuiTableCell-alignRight MuiTableCell-sizeMedium css-177gid-MuiTableCell-root"
        >
          page2
        </td>
        <td
          aria-sort={null}
          className="MuiTableCell-root MuiTableCell-body MuiTableCell-alignRight MuiTableCell-sizeMedium css-177gid-MuiTableCell-root"
        >
          Page2
        </td>
        <td
          aria-sort={null}
          className="MuiTableCell-root MuiTableCell-body MuiTableCell-alignRight MuiTableCell-sizeMedium css-177gid-MuiTableCell-root"
        >
          Some content...
        </td>
        <td
          aria-sort={null}
          className="MuiTableCell-root MuiTableCell-body MuiTableCell-alignRight MuiTableCell-sizeMedium css-177gid-MuiTableCell-root"
        >
          4
        </td>
        <td
          aria-sort={null}
          className="MuiTableCell-root MuiTableCell-body MuiTableCell-alignCenter MuiTableCell-sizeMedium css-1yhpg23-MuiTableCell-root"
        >
          <svg
            aria-hidden={true}
            className="MuiSvgIcon-root MuiSvgIcon-fontSizeMedium css-1ujkmd3-MuiSvgIcon-root"
            data-testid="DeleteIcon"
            focusable="false"
            onClick={[Function]}
            viewBox="0 0 24 24"
          >
            <path
              d="M6 19c0 1.1.9 2 2 2h8c1.1 0 2-.9 2-2V7H6v12zM19 4h-3.5l-1-1h-5l-1 1H5v2h14V4z"
            />
          </svg>
          <svg
            aria-hidden={true}
            className="MuiSvgIcon-root MuiSvgIcon-fontSizeMedium css-j7m7gu-MuiSvgIcon-root"
            data-testid="EditIcon"
            focusable="false"
            onClick={[Function]}
            viewBox="0 0 24 24"
          >
            <path
              d="M3 17.25V21h3.75L17.81 9.94l-3.75-3.75L3 17.25zM20.71 7.04c.39-.39.39-1.02 0-1.41l-2.34-2.34a.9959.9959 0 0 0-1.41 0l-1.83 1.83 3.75 3.75 1.83-1.83z"
            />
          </svg>
        </td>
      </tr>
    </tbody>
  </table>
</div>
`;
